// Jest Snapshot v1, https://goo.gl/fbAQLP

exports[`(Component) Snapshots render() should render the component 1`] = `
<div>
  <h3>
    Snaps
  </h3>
  <div>
    steve
  </div>
  <div>
    frank
  </div>
  <div>
    alex
  </div>
</div>
`;
